// Jest Snapshot v1, https://goo.gl/fbAQLP

exports[`MoviePageReviews should render correct 1`] = `
<h2>
  Be first to leave a review!
</h2>
`;
