// Jest Snapshot v1, https://goo.gl/fbAQLP

exports[`PrivateRoute should render correct 1`] = `null`;
