// Jest Snapshot v1, https://goo.gl/fbAQLP

exports[`withIsValid is rendered correctly 1`] = `<div />`;
